../Core/Src/main.c:76:5:main	32	static
../Core/Src/main.c:143:6:SystemClock_Config	88	static
../Core/Src/main.c:189:13:MX_ADC1_Init	24	static
../Core/Src/main.c:276:13:MX_I2C1_Init	8	static
../Core/Src/main.c:308:13:MX_DMA_Init	16	static
../Core/Src/main.c:326:13:MX_GPIO_Init	24	static
../Core/Src/main.c:343:6:HAL_ADC_ConvCpltCallback	16	static
../Core/Src/main.c:364:10:avg_array	24	static
../Core/Src/main.c:376:6:CUSTOM_HID_OutEvent_FS_Handler	64	static
../Core/Src/main.c:423:6:Error_Handler	4	static,ignoring_inline_asm
